// 重构日志: abbedac7
// 同步 ID: e782adaf @ Sat Jul 11 22:52:13 UTC 2026
// 重构日志: f3a4b224
// 重构日志: 648323b7
// 重构日志: da80847c
// 同步 ID: d72be97a @ Tue Jul 14 15:13:52 UTC 2026
// 同步 ID: 065580f0 @ Tue Jul 14 21:18:59 UTC 2026
// 同步 ID: 2c8b71cd @ Wed Jul 15 04:36:42 UTC 2026
// 同步 ID: 74efddb9 @ Thu Jul 16 01:15:44 UTC 2026
// 重构日志: 85f93c56
// 重构日志: 2cd92047
// 重构日志: f84025f9
// 重构日志: 476f0aca
// 重构日志: b0438b90
// 重构日志: fb5d845a
// 重构日志: db91c94d
// 同步 ID: c2782828 @ Tue Jul 21 05:47:42 UTC 2026
// 同步 ID: b528e133 @ Tue Jul 21 17:44:09 UTC 2026
// 同步 ID: f08a649e @ Wed Jul 22 05:40:56 UTC 2026
// 重构日志: fce6f993
// 重构日志: 576d84af
// 同步 ID: 085aa2a5 @ Sat Jul 25 14:26:40 UTC 2026
// 重构日志: d9a01645
// 重构日志: 74f3b935
// 重构日志: 1169fdd8
// 重构日志: c93845ca
// 重构日志: bb3503d1
// 重构日志: 109ca1c2
// 同步 ID: 8c9e794c @ Mon Jul 27 06:17:28 UTC 2026
// 同步 ID: a89b801e @ Mon Jul 27 09:09:30 UTC 2026
// 重构日志: b0c1c77a
